2026-09-06T19:19:23.761Z  seed-demo-sit — target=prod base=https://www.gradd.ai email=grant+demo4@live.ie scale=1
2026-09-06T19:19:23.764Z  plan: 167 min of waits against a 195-min clock; mark-after=true
2026-09-06T19:19:23.766Z  ✓ answers: 8/8 sections parsed (R1:1631ch R2:1641ch R3:1095ch R4:1530ch R5:1867ch R6:1648ch R7:1008ch R8:960ch)
2026-09-06T19:19:24.052Z  ✓ https://www.gradd.ai reachable, APM_CASES on (probe 401)
2026-09-06T19:19:24.131Z  ✓ all 3 cases approved + published + mock_only + AFM
2026-09-06T19:19:24.163Z  ✓ 8/8 requirements resolved, marks_guide agrees with the plan
2026-09-06T19:19:24.199Z  ✓ account exists: grant+demo4@live.ie (49422997-ef54-4b0d-bd85-5ae3dc26091c)
2026-09-06T19:19:24.228Z  ✓ account has no prior marking rows for these 3 cases
2026-09-06T19:19:24.278Z  ✓ AFM entitlement already live
2026-09-06T19:19:24.381Z  ✓ session cookie minted
2026-09-06T19:19:26.007Z  ✓ attempt STARTED — started_at=2026-09-06T19:19:25.761+00:00 ends_at=2026-09-06T22:34:25.761+00:00
2026-09-06T19:19:26.079Z  ⏱  R1 — waiting 34min (scaled 2040s), will submit at ~2026-09-06T19:53:26.079Z
2026-09-06T19:53:30.591Z  ✓ R1 submitted — Solenne (i) B3e (1631 chars, budget 19.5min)
2026-09-06T19:53:30.592Z  ⏱  R2 — waiting 42min (scaled 2520s), will submit at ~2026-09-06T20:35:30.592Z
2026-09-06T20:35:34.455Z  ✓ R2 submitted — Solenne (ii) B5b (1641 chars, budget 31.2min)
2026-09-06T20:35:34.455Z  ⏱  R3 — waiting 21min (scaled 1260s), will submit at ~2026-09-06T20:56:34.455Z
2026-09-06T20:56:38.333Z  ✓ R3 submitted — Solenne (iii) E2b (1095 chars, budget 15.6min)
2026-09-06T20:56:38.333Z  ⏱  R4 — waiting 13min (scaled 780s), will submit at ~2026-09-06T21:09:38.333Z
2026-09-06T21:09:42.723Z  ✓ R4 submitted — Solenne (iv) E1a (1530 chars, budget 11.7min)
2026-09-06T21:09:42.723Z  ⏱  R5 — waiting 24min (scaled 1440s), will submit at ~2026-09-06T21:33:42.723Z
2026-09-06T21:33:44.434Z  ✖ FAILED: turn → 401 Unauthorised
2026-09-06T21:33:44.434Z    State is in the DB — re-run the same command to resume from where it stopped.
2026-09-06T21:35:37.188Z  seed-demo-sit — target=prod base=https://www.gradd.ai email=grant+demo4@live.ie scale=1
2026-09-06T21:35:37.189Z  plan: 167 min of waits against a 195-min clock; mark-after=true
2026-09-06T21:35:37.191Z  ✓ answers: 8/8 sections parsed (R1:1631ch R2:1641ch R3:1095ch R4:1530ch R5:1867ch R6:1648ch R7:1008ch R8:960ch)
2026-09-06T21:35:37.417Z  ✓ https://www.gradd.ai reachable, APM_CASES on (probe 401)
2026-09-06T21:35:37.588Z  ✓ all 3 cases approved + published + mock_only + AFM
2026-09-06T21:35:37.629Z  ✓ 8/8 requirements resolved, marks_guide agrees with the plan
2026-09-06T21:35:37.698Z  ✓ account exists: grant+demo4@live.ie (49422997-ef54-4b0d-bd85-5ae3dc26091c)
2026-09-06T21:35:37.744Z  ✓ account has no prior marking rows for these 3 cases
2026-09-06T21:35:37.804Z  ✓ AFM entitlement already live
2026-09-06T21:35:37.946Z  ✓ session cookie minted
2026-09-06T21:35:39.096Z  ✓ attempt RESUMED — started_at=2026-09-06T19:19:25.761+00:00 ends_at=2026-09-06T22:34:25.761+00:00
2026-09-06T21:35:39.188Z  ↻ resuming — already submitted: R1, R2, R3, R4, R5
2026-09-06T21:35:39.188Z  ↷ R1 already recorded — skipping (no wait)
2026-09-06T21:35:39.188Z  ↷ R2 already recorded — skipping (no wait)
2026-09-06T21:35:39.189Z  ↷ R3 already recorded — skipping (no wait)
2026-09-06T21:35:39.189Z  ↷ R4 already recorded — skipping (no wait)
2026-09-06T21:35:39.189Z  ↷ R5 already recorded — skipping (no wait)
2026-09-06T21:35:39.189Z  ⏱  R6 — waiting 15min (scaled 900s), will submit at ~2026-09-06T21:50:39.189Z
2026-09-06T21:50:43.682Z  ✓ R6 submitted — Brecon (ii) B1b (1648 chars, budget 15.6min)
2026-09-06T21:50:43.682Z  ⏱  R7 — waiting 12min (scaled 720s), will submit at ~2026-09-06T22:02:43.682Z
2026-09-06T22:02:48.454Z  ✓ R7 submitted — Aldebrino (i) E3a (1008 chars, budget 23.4min)
2026-09-06T22:02:48.455Z  ⏱  R8 — waiting 6min (scaled 360s), will submit at ~2026-09-06T22:08:48.455Z
2026-09-06T22:08:52.968Z  ✓ R8 submitted — Aldebrino (ii) E2a (960 chars, budget 15.6min)
2026-09-06T22:08:53.949Z  ✓ attempt FINISHED (completed_at written by the route)
2026-09-06T22:08:53.950Z  ▶ marking (real POST /api/acca/sit/results) — 3 cases sequentially, expect 2–4 min…
2026-09-06T22:10:58.979Z  ✖ marking → 524 <!DOCTYPE html>
<!--[if lt IE 7]> <html class="no-js ie6 oldie" lang="en-US"> <![endif]-->
<!--[if IE 7]>    <html class="no-js ie7 oldie" lang="en-US"> <![endif]-->
<!--[if IE 8]>    <html class="no-js ie8 oldie" lang="en-US"> <![endif]-->
<!--[if gt IE 8]><!--> <html class="no-js" lang="en-US"> <!
2026-09-06T22:10:58.979Z    Re-run with --mark to retry only what is unmarked.
